The file "dir1/non-existent" was not found in the archive.